// Jest Snapshot v1, https://goo.gl/fbAQLP

exports[`decode 1-bit 1`] = `"cec76def32993b226b554d08f78948d9"`;

exports[`decode 4-bit RLE 1`] = `"beac91cf64120346736c9b1383f9da60"`;

exports[`decode 4-bit normal 1`] = `"df219955a66ea20a8ccb4f0537930458"`;

exports[`decode 8-bit RLE 1`] = `"81bbf4f1f828dde5665bf1d798e39e72"`;

exports[`decode 8-bit normal 1`] = `"6697bb6ab8078d739fc40bbe558bf4ce"`;

exports[`decode 16-bit 565 1`] = `"aa2751f1e5c305448a9622a926ca3628"`;

exports[`decode 16-bit a444 1`] = `"e16a3905a7a21a0e8f504285fccb3544"`;

exports[`decode 16-bit a555 1`] = `"6fb3e1971fa948d1cc1fe268a037f05a"`;

exports[`decode 16-bit x444 1`] = `"988a4d08bdaf12a32954e81f5794503a"`;

exports[`decode 16-bit x555 1`] = `"fea6f96b3099726499275ae8b395df02"`;

exports[`decode 24-bit 1`] = `"389fa2b1873b5aa14f7ecab58fe96bd9"`;

exports[`decode 32-bit alpha - toRGBA 1`] = `"1fb6cd994623e11eff63c44693a405ad"`;

exports[`decode 32-bit alpha 1`] = `"5cb1c7699a421a7bead9adc527e9da8f"`;

exports[`decode 32-bit normal 1`] = `"5cb1c7699a421a7bead9adc527e9da8f"`;

exports[`encode 1-bit 1`] = `"083203daf9d76316bd464783281ba8f8"`;

exports[`encode 4-bit works when colors provided 1`] = `"1299bf1998cd01a99c0c8bc671526cf9"`;

exports[`encode 8-bit works when colors provided 1`] = `"b55da02d398a62d53a16885d86d343c0"`;

exports[`encode 16-bit 1`] = `"f4177dbf3979ec23994641637a767347"`;

exports[`encode 24-bit 1`] = `"6930e0e0e345d5ad834817260dc1c00c"`;

exports[`encode 32-bit 1`] = `"541e029c95f3466622595433a03eaa3e"`;
